Archive member included to satisfy reference by file (symbol)

d:/imt/imt tools/sdk/imt_sdk_win_64/winarm/armgcc/bin/../lib/gcc/arm-none-eabi/7.2.1/thumb/v7-m\libgcc.a(_arm_addsubdf3.o)
                              ./src/SERVO_program.o (__aeabi_dadd)
d:/imt/imt tools/sdk/imt_sdk_win_64/winarm/armgcc/bin/../lib/gcc/arm-none-eabi/7.2.1/thumb/v7-m\libgcc.a(_arm_muldivdf3.o)
                              ./src/SERVO_program.o (__aeabi_ddiv)
d:/imt/imt tools/sdk/imt_sdk_win_64/winarm/armgcc/bin/../lib/gcc/arm-none-eabi/7.2.1/thumb/v7-m\libgcc.a(_arm_truncdfsf2.o)
                              ./src/SERVO_program.o (__aeabi_d2f)
d:/imt/imt tools/sdk/imt_sdk_win_64/winarm/armgcc/bin/../lib/gcc/arm-none-eabi/7.2.1/thumb/v7-m\libgcc.a(_arm_addsubsf3.o)
                              ./src/TIM_program.o (__aeabi_fsub)
d:/imt/imt tools/sdk/imt_sdk_win_64/winarm/armgcc/bin/../lib/gcc/arm-none-eabi/7.2.1/thumb/v7-m\libgcc.a(_arm_muldivsf3.o)
                              ./src/TIM_program.o (__aeabi_fmul)
d:/imt/imt tools/sdk/imt_sdk_win_64/winarm/armgcc/bin/../lib/gcc/arm-none-eabi/7.2.1/thumb/v7-m\libgcc.a(_arm_cmpsf2.o)
                              ./src/main.o (__aeabi_fcmplt)
d:/imt/imt tools/sdk/imt_sdk_win_64/winarm/armgcc/bin/../lib/gcc/arm-none-eabi/7.2.1/thumb/v7-m\libgcc.a(_arm_fixunssfsi.o)
                              ./src/TIM_program.o (__aeabi_f2uiz)
d:/imt/imt tools/sdk/imt_sdk_win_64/winarm/armgcc/bin/../lib/gcc/arm-none-eabi/7.2.1/../../../../arm-none-eabi/lib/thumb/v7-m\libg_nano.a(lib_a-errno.o)
                              ./system/src/newlib/_sbrk.o (__errno)
d:/imt/imt tools/sdk/imt_sdk_win_64/winarm/armgcc/bin/../lib/gcc/arm-none-eabi/7.2.1/../../../../arm-none-eabi/lib/thumb/v7-m\libg_nano.a(lib_a-impure.o)
                              d:/imt/imt tools/sdk/imt_sdk_win_64/winarm/armgcc/bin/../lib/gcc/arm-none-eabi/7.2.1/../../../../arm-none-eabi/lib/thumb/v7-m\libg_nano.a(lib_a-errno.o) (_impure_ptr)
d:/imt/imt tools/sdk/imt_sdk_win_64/winarm/armgcc/bin/../lib/gcc/arm-none-eabi/7.2.1/../../../../arm-none-eabi/lib/thumb/v7-m\libg_nano.a(lib_a-strlen.o)
                              ./system/src/diag/Trace.o (strlen)
d:/imt/imt tools/sdk/imt_sdk_win_64/winarm/armgcc/bin/../lib/gcc/arm-none-eabi/7.2.1/../../../../arm-none-eabi/lib/thumb/v7-m\libg_nano.a(lib_a-vsnprintf.o)
                              ./system/src/diag/Trace.o (vsnprintf)
d:/imt/imt tools/sdk/imt_sdk_win_64/winarm/armgcc/bin/../lib/gcc/arm-none-eabi/7.2.1/../../../../arm-none-eabi/lib/thumb/v7-m\libg_nano.a(lib_a-nano-svfprintf.o)
                              d:/imt/imt tools/sdk/imt_sdk_win_64/winarm/armgcc/bin/../lib/gcc/arm-none-eabi/7.2.1/../../../../arm-none-eabi/lib/thumb/v7-m\libg_nano.a(lib_a-vsnprintf.o) (_svfprintf_r)
d:/imt/imt tools/sdk/imt_sdk_win_64/winarm/armgcc/bin/../lib/gcc/arm-none-eabi/7.2.1/../../../../arm-none-eabi/lib/thumb/v7-m\libg_nano.a(lib_a-nano-vfprintf_i.o)
                              d:/imt/imt tools/sdk/imt_sdk_win_64/winarm/armgcc/bin/../lib/gcc/arm-none-eabi/7.2.1/../../../../arm-none-eabi/lib/thumb/v7-m\libg_nano.a(lib_a-nano-svfprintf.o) (_printf_i)
d:/imt/imt tools/sdk/imt_sdk_win_64/winarm/armgcc/bin/../lib/gcc/arm-none-eabi/7.2.1/../../../../arm-none-eabi/lib/thumb/v7-m\libg_nano.a(lib_a-memchr-stub.o)
                              d:/imt/imt tools/sdk/imt_sdk_win_64/winarm/armgcc/bin/../lib/gcc/arm-none-eabi/7.2.1/../../../../arm-none-eabi/lib/thumb/v7-m\libg_nano.a(lib_a-nano-svfprintf.o) (memchr)
d:/imt/imt tools/sdk/imt_sdk_win_64/winarm/armgcc/bin/../lib/gcc/arm-none-eabi/7.2.1/../../../../arm-none-eabi/lib/thumb/v7-m\libg_nano.a(lib_a-memcpy-stub.o)
                              d:/imt/imt tools/sdk/imt_sdk_win_64/winarm/armgcc/bin/../lib/gcc/arm-none-eabi/7.2.1/../../../../arm-none-eabi/lib/thumb/v7-m\libg_nano.a(lib_a-nano-svfprintf.o) (memcpy)
d:/imt/imt tools/sdk/imt_sdk_win_64/winarm/armgcc/bin/../lib/gcc/arm-none-eabi/7.2.1/../../../../arm-none-eabi/lib/thumb/v7-m\libg_nano.a(lib_a-memmove.o)
                              d:/imt/imt tools/sdk/imt_sdk_win_64/winarm/armgcc/bin/../lib/gcc/arm-none-eabi/7.2.1/../../../../arm-none-eabi/lib/thumb/v7-m\libg_nano.a(lib_a-nano-svfprintf.o) (memmove)
d:/imt/imt tools/sdk/imt_sdk_win_64/winarm/armgcc/bin/../lib/gcc/arm-none-eabi/7.2.1/../../../../arm-none-eabi/lib/thumb/v7-m\libg_nano.a(lib_a-nano-freer.o)
                              d:/imt/imt tools/sdk/imt_sdk_win_64/winarm/armgcc/bin/../lib/gcc/arm-none-eabi/7.2.1/../../../../arm-none-eabi/lib/thumb/v7-m\libg_nano.a(lib_a-nano-svfprintf.o) (_free_r)
d:/imt/imt tools/sdk/imt_sdk_win_64/winarm/armgcc/bin/../lib/gcc/arm-none-eabi/7.2.1/../../../../arm-none-eabi/lib/thumb/v7-m\libg_nano.a(lib_a-nano-mallocr.o)
                              d:/imt/imt tools/sdk/imt_sdk_win_64/winarm/armgcc/bin/../lib/gcc/arm-none-eabi/7.2.1/../../../../arm-none-eabi/lib/thumb/v7-m\libg_nano.a(lib_a-nano-svfprintf.o) (_malloc_r)
[...]
Memory Configuration

Name             Origin             Length             Attributes
RAM              0x20000000         0x00005000         xrw
CCMRAM           0x00000000         0x00000000         xrw
FLASH            0x08000000         0x00010000         xr
FLASHB1          0x00000000         0x00000000         xr
EXTMEMB0         0x00000000         0x00000000         xr
EXTMEMB1         0x00000000         0x00000000         xr
EXTMEMB2         0x00000000         0x00000000         xr
EXTMEMB3         0x00000000         0x00000000         xr
MEMORY_ARRAY     0x00000000         0x00000000         xrw
*default*        0x00000000         0xffffffff

Linker script and memory map

LOAD ./system/src/stm32f1-stdperiph/misc.o
LOAD ./system/src/stm32f1-stdperiph/stm32f10x_gpio.o
LOAD ./system/src/stm32f1-stdperiph/stm32f10x_rcc.o
LOAD ./system/src/newlib/_cxx.o
LOAD ./system/src/newlib/_exit.o
LOAD ./system/src/newlib/_sbrk.o
LOAD ./system/src/newlib/_startup.o
LOAD ./system/src/newlib/_syscalls.o
LOAD ./system/src/newlib/assert.o
LOAD ./system/src/diag/Trace.o
LOAD ./system/src/diag/trace_impl.o
LOAD ./system/src/cortexm/_initialize_hardware.o
LOAD ./system/src/cortexm/_reset_hardware.o
LOAD ./system/src/cortexm/exception_handlers.o
LOAD ./system/src/cmsis/system_stm32f10x.o
LOAD ./system/src/cmsis/vectors_stm32f10x.o
LOAD ./src/AFIO_program.o
LOAD ./src/BUZERR_program.o
LOAD ./src/EXTI_program.o
LOAD ./src/GPIO_program.o
LOAD ./src/HESP8266_program.o
LOAD ./src/KPD_program.o
LOAD ./src/MUSART1_program.o
LOAD ./src/NVIC_program.o
LOAD ./src/RCC_program.o
LOAD ./src/SERVO_program.o
LOAD ./src/SPI_program.o
LOAD ./src/STK_program.o
LOAD ./src/TFT_program.o
LOAD ./src/TIM_program.o
LOAD ./src/ULTRASONIC_program.o
LOAD ./src/main.o
LOAD d:/imt/imt tools/sdk/imt_sdk_win_64/winarm/armgcc/bin/../lib/gcc/arm-none-eabi/7.2.1/../../../../arm-none-eabi/lib/thumb/v7-m\libstdc++_nano.a
LOAD d:/imt/imt tools/sdk/imt_sdk_win_64/winarm/armgcc/bin/../lib/gcc/arm-none-eabi/7.2.1/../../../../arm-none-eabi/lib/thumb/v7-m\libm.a
START GROUP
LOAD d:/imt/imt tools/sdk/imt_sdk_win_64/winarm/armgcc/bin/../lib/gcc/arm-none-eabi/7.2.1/thumb/v7-m\libgcc.a
LOAD d:/imt/imt tools/sdk/imt_sdk_win_64/winarm/armgcc/bin/../lib/gcc/arm-none-eabi/7.2.1/../../../../arm-none-eabi/lib/thumb/v7-m\libg_nano.a
LOAD d:/imt/imt tools/sdk/imt_sdk_win_64/winarm/armgcc/bin/../lib/gcc/arm-none-eabi/7.2.1/../../../../arm-none-eabi/lib/thumb/v7-m\libc_nano.a
END GROUP
START GROUP
LOAD d:/imt/imt tools/sdk/imt_sdk_win_64/winarm/armgcc/bin/../lib/gcc/arm-none-eabi/7.2.1/thumb/v7-m\libgcc.a
LOAD d:/imt/imt tools/sdk/imt_sdk_win_64/winarm/armgcc/bin/../lib/gcc/arm-none-eabi/7.2.1/../../../../arm-none-eabi/lib/thumb/v7-m\libc_nano.a
END GROUP
                0x20005000                __stack = (ORIGIN (RAM) + LENGTH (RAM))
                0x20005000                _estack = __stack
                0x00000400                __Main_Stack_Size = 0x400
                [!provide]                PROVIDE (_Main_Stack_Size, __Main_Stack_Size)
                0x20004c00                __Main_Stack_Limit = (__stack - __Main_Stack_Size)
                [!provide]                PROVIDE (_Main_Stack_Limit, __Main_Stack_Limit)
                0x00000100                _Minimum_Stack_Size = 0x100
                0x20000744                PROVIDE (_Heap_Begin, _end_noinit)
                0x20004c00                PROVIDE (_Heap_Limit, (__stack - __Main_Stack_Size))

.isr_vector     0x08000000      0x350
 FILL mask 0xff
                0x08000000                __vectors_start = ABSOLUTE (.)
                0x08000000                __vectors_start__ = ABSOLUTE (.)
 *(.isr_vector)
 .isr_vector    0x08000000      0x10c ./system/src/cmsis/vectors_stm32f10x.o
                0x08000000                __isr_vectors
 *(.cfmconfig)
 *(.after_vectors .after_vectors.*)
 .after_vectors
                0x0800010c      0x114 ./system/src/newlib/_startup.o
                0x0800010c                _start
 .after_vectors
                0x08000220      0x12c ./system/src/cortexm/exception_handlers.o
                0x08000220                Reset_Handler
                0x08000226                NMI_Handler
                0x0800022a                HardFault_Handler
                0x0800023e                HardFault_Handler_C
                0x0800029c                MemManage_Handler
                0x080002a0                BusFault_Handler
                0x080002b4                BusFault_Handler_C
                0x080002e8                UsageFault_Handler
                0x080002fc                UsageFault_Handler_C
                0x08000330                SVC_Handler
                0x08000334                DebugMon_Handler
                0x08000338                PendSV_Handler
 .after_vectors
                0x0800034c        0x4 ./system/src/cmsis/vectors_stm32f10x.o
                0x0800034c                EXTI2_IRQHandler
                0x0800034c                TIM8_TRG_COM_IRQHandler
                0x0800034c                TIM8_CC_IRQHandler
                0x0800034c                TIM6_IRQHandler
                0x0800034c                PVD_IRQHandler
                0x0800034c                SDIO_IRQHandler
                0x0800034c                CAN2_RX1_IRQHandler
                0x0800034c                TIM8_TRG_COM_TIM14_IRQHandler
                0x0800034c                TIM1_UP_TIM10_IRQHandler
                0x0800034c                TIM8_UP_TIM13_IRQHandler
                0x0800034c                I2C2_EV_IRQHandler
                0x0800034c                CAN1_RX0_IRQHandler
                0x0800034c                TIM1_UP_TIM16_IRQHandler
                0x0800034c                CAN2_SCE_IRQHandler
                0x0800034c                ADC1_2_IRQHandler
                0x0800034c                SPI1_IRQHandler
                0x0800034c                TAMPER_IRQHandler
                0x0800034c                TIM6_DAC_IRQHandler
                0x0800034c                TIM1_BRK_TIM9_IRQHandler
                0x0800034c                CAN2_RX0_IRQHandler
                0x0800034c                TIM8_UP_IRQHandler
                0x0800034c                DMA2_Channel2_IRQHandler
                0x0800034c                DMA1_Channel4_IRQHandler
                0x0800034c                USART3_IRQHandler
                0x0800034c                RTC_IRQHandler
                0x0800034c                DMA1_Channel7_IRQHandler
                0x0800034c                CAN1_RX1_IRQHandler
                0x0800034c                UART5_IRQHandler
                0x0800034c                ADC3_IRQHandler
                0x0800034c                DMA2_Channel1_IRQHandler
                0x0800034c                I2C1_EV_IRQHandler
                0x0800034c                DMA1_Channel6_IRQHandler
                0x0800034c                UART4_IRQHandler
                0x0800034c                DMA2_Channel4_IRQHandler
                0x0800034c                RCC_IRQHandler
                0x0800034c                TIM8_BRK_TIM12_IRQHandler
                0x0800034c                TIM1_TRG_COM_IRQHandler
                0x0800034c                DMA1_Channel1_IRQHandler
                0x0800034c                Default_Handler
                0x0800034c                CEC_IRQHandler
                0x0800034c                EXTI15_10_IRQHandler
                0x0800034c                TIM14_IRQHandler
                0x0800034c                TIM13_IRQHandler
                0x0800034c                TIM12_IRQHandler
                0x0800034c                TIM7_IRQHandler
                0x0800034c                CAN2_TX_IRQHandler
                0x0800034c                TIM5_IRQHandler
                0x0800034c                EXTI9_5_IRQHandler
                0x0800034c                ETH_WKUP_IRQHandler
                0x0800034c                SPI2_IRQHandler
                0x0800034c                CAN1_TX_IRQHandler
                0x0800034c                DMA2_Channel5_IRQHandler
                0x0800034c                DMA1_Channel5_IRQHandler
                0x0800034c                EXTI4_IRQHandler
                0x0800034c                USB_LP_CAN1_RX0_IRQHandler
                0x0800034c                TIM1_TRG_COM_TIM17_IRQHandler
                0x0800034c                USB_HP_CAN1_TX_IRQHandler
                0x0800034c                DMA1_Channel3_IRQHandler
                0x0800034c                FSMC_IRQHandler
                0x0800034c                ETH_IRQHandler
                0x0800034c                TIM1_UP_IRQHandler
                0x0800034c                WWDG_IRQHandler
                0x0800034c                TIM2_IRQHandler
                0x0800034c                OTG_FS_WKUP_IRQHandler
                0x0800034c                TIM1_TRG_COM_TIM11_IRQHandler
                0x0800034c                TIM1_BRK_IRQHandler
                0x0800034c                RTCAlarm_IRQHandler
                0x0800034c                DMA2_Channel4_5_IRQHandler
                0x0800034c                USART2_IRQHandler
                0x0800034c                I2C2_ER_IRQHandler
                0x0800034c                DMA1_Channel2_IRQHandler
                0x0800034c                TIM8_BRK_IRQHandler
                0x0800034c                CAN1_SCE_IRQHandler
                0x0800034c                FLASH_IRQHandler
                0x0800034c                OTG_FS_IRQHandler
                0x0800034c                SPI3_IRQHandler
                0x0800034c                I2C1_ER_IRQHandler
                0x0800034c                USBWakeUp_IRQHandler
                0x0800034c                DMA2_Channel3_IRQHandler
                0x0800034c                TIM1_BRK_TIM15_IRQHandler

.inits          0x08000350       0x28
                0x08000350                __data_regions_array_start = .
                0x08000350        0x4 LONG 0x80037f0 LOADADDR (.data)
                0x08000354        0x4 LONG 0x20000000 ADDR (.data)
                0x08000358        0x4 LONG 0x2000008c (ADDR (.data) + SIZEOF (.data))
                0x0800035c        0x4 LONG 0x80037f0 LOADADDR (.data_CCMRAM)
                0x08000360        0x4 LONG 0x0 ADDR (.data_CCMRAM)
                0x08000364        0x4 LONG 0x0 (ADDR (.data_CCMRAM) + SIZEOF (.data_CCMRAM))
                0x08000368                __data_regions_array_end = .
                0x08000368                __bss_regions_array_start = .
                0x08000368        0x4 LONG 0x2000008c ADDR (.bss)
                0x0800036c        0x4 LONG 0x20000744 (ADDR (.bss) + SIZEOF (.bss))
                0x08000370        0x4 LONG 0x0 ADDR (.bss_CCMRAM)
                0x08000374        0x4 LONG 0x0 (ADDR (.bss_CCMRAM) + SIZEOF (.bss_CCMRAM))
                0x08000378                __bss_regions_array_end = .
 *(.init)
 *(.fini)
                0x08000378                . = ALIGN (0x4)
                0x08000378                PROVIDE (__preinit_array_start, .)
 *(.preinit_array_sysinit .preinit_array_sysinit.*)
 *(.preinit_array_platform .preinit_array_platform.*)
 *(.preinit_array .preinit_array.*)
                0x08000378                PROVIDE (__preinit_array_end, .)
                0x08000378                . = ALIGN (0x4)
                0x08000378                PROVIDE (__init_array_start, .)
 *(SORT_BY_NAME(.init_array.*))
 *(.init_array)
                0x08000378                PROVIDE (__init_array_end, .)
                0x08000378                . = ALIGN (0x4)
                0x08000378                PROVIDE (__fini_array_start, .)
 *(SORT_BY_NAME(.fini_array.*))
 *(.fini_array)
                0x08000378                PROVIDE (__fini_array_end, .)

.flashtext
 *(.flashtext .flashtext.*)

.text           0x08000378     0x3477
 *(.text .text.*)
 .text._exit    0x08000378        0x2 ./system/src/newlib/_exit.o
                0x08000378                _exit
 *fill*         0x0800037a        0x2 
 .text._sbrk    0x0800037c       0x44 ./system/src/newlib/_sbrk.o
                0x0800037c                _sbrk
 .text.__initialize_args
                0x080003c0       0x10 ./system/src/newlib/_syscalls.o
                0x080003c0                __initialize_args
 .text.trace_printf
                0x080003d0       0x30 ./system/src/diag/Trace.o
                0x080003d0                trace_printf
 .text._trace_write_semihosting_debug
                0x08000400       0x60 ./system/src/diag/trace_impl.o
 .text.trace_write
                0x08000460        0x8 ./system/src/diag/trace_impl.o
                0x08000460                trace_write
 .text.__initialize_hardware_early
                0x08000468       0x18 ./system/src/cortexm/_initialize_hardware.o
                0x08000468                __initialize_hardware_early
 .text.__initialize_hardware
                0x08000480        0x8 ./system/src/cortexm/_initialize_hardware.o
                0x08000480                __initialize_hardware
 .text.dumpExceptionStack
                0x08000488       0xf4 ./system/src/cortexm/exception_handlers.o
                0x08000488                dumpExceptionStack
 .text.isSemihosting
                0x0800057c       0x20 ./system/src/cortexm/exception_handlers.o
                0x0800057c                isSemihosting
 .text.SetSysClockTo72
                0x0800059c       0xc4 ./system/src/cmsis/system_stm32f10x.o
 .text.SetSysClock
                0x08000660        0x8 ./system/src/cmsis/system_stm32f10x.o
 .text.SystemInit
                0x08000668       0x50 ./system/src/cmsis/system_stm32f10x.o
                0x08000668                SystemInit
 .text.SystemCoreClockUpdate
                0x080006b8       0x94 ./system/src/cmsis/system_stm32f10x.o
                0x080006b8                SystemCoreClockUpdate
 .text.HBUZERR_HighAlarm
                0x0800074c       0x2c ./src/BUZERR_program.o
                0x0800074c                HBUZERR_HighAlarm
 .text.MEXTI_voidInit
                0x08000778       0x18 ./src/EXTI_program.o
                0x08000778                MEXTI_voidInit
 .text.MEXTI_voidSetSignalLatch
                0x08000790       0x64 ./src/EXTI_program.o
                0x08000790                MEXTI_voidSetSignalLatch
 .text.MEXTI_voidEnable
                0x080007f4       0x14 ./src/EXTI_program.o
                0x080007f4                MEXTI_voidEnable
 .text.EXTI3_voidSetCallBack
                0x08000808        0xc ./src/EXTI_program.o
                0x08000808                EXTI3_voidSetCallBack
 .text.EXTI0_IRQHandler
                0x08000814       0x1c ./src/EXTI_program.o
                0x08000814                EXTI0_IRQHandler
 .text.EXTI1_IRQHandler
                0x08000830       0x1c ./src/EXTI_program.o
                0x08000830                EXTI1_IRQHandler
 .text.EXTI3_IRQHandler
                0x0800084c       0x1c ./src/EXTI_program.o
                0x0800084c                EXTI3_IRQHandler
 .text.MGPIO_voidSetPinDirection
                0x08000868       0xfc ./src/GPIO_program.o
                0x08000868                MGPIO_voidSetPinDirection
 .text.MGPIO_voidSetPinValue
                0x08000964       0x80 ./src/GPIO_program.o
                0x08000964                MGPIO_voidSetPinValue
 .text.MGPIO_u8GetPinValue
                0x080009e4       0x40 ./src/GPIO_program.o
                0x080009e4                MGPIO_u8GetPinValue
 .text.HESP8266_voidClearBuffer
                0x08000a24       0x24 ./src/HESP8266_program.o
 .text.HESP8266_voidValidateBuffer
                0x08000a48       0x34 ./src/HESP8266_program.o
 .text.HESP8266_CallBack
                0x08000a7c       0x28 ./src/HESP8266_program.o
                0x08000a7c                HESP8266_CallBack
 .text.HESP8266_voidInit
                0x08000aa4       0x6c ./src/HESP8266_program.o
                0x08000aa4                HESP8266_voidInit
 .text.HESP8266_voidConnectToWiFi
                0x08000b10       0x50 ./src/HESP8266_program.o
                0x08000b10                HESP8266_voidConnectToWiFi
 .text.HESP8266_voidConnectToSrvTcp
                0x08000b60       0x50 ./src/HESP8266_program.o
                0x08000b60                HESP8266_voidConnectToSrvTcp
 .text.HESP8266_voidConnectToSrvTcp2
                0x08000bb0       0x50 ./src/HESP8266_program.o
                0x08000bb0                HESP8266_voidConnectToSrvTcp2
 .text.HESP8266_voidCIPsend
                0x08000c00       0x40 ./src/HESP8266_program.o
                0x08000c00                HESP8266_voidCIPsend
 .text.HESP8266_voidStealingSys
                0x08000c40       0x38 ./src/HESP8266_program.o
                0x08000c40                HESP8266_voidStealingSys
 .text.HESP8266_u8ReceiveHttpReq
                0x08000c78       0x70 ./src/HESP8266_program.o
                0x08000c78                HESP8266_u8ReceiveHttpReq
 .text.KPD_U8GetPressedKey
                0x08000ce8       0x94 ./src/KPD_program.o
                0x08000ce8                KPD_U8GetPressedKey
 .text.MUSART1_voidInit
                0x08000d7c       0x50 ./src/MUSART1_program.o
                0x08000d7c                MUSART1_voidInit
 .text.MUSART1_voidSendCharSync
                0x08000dcc       0x20 ./src/MUSART1_program.o
                0x08000dcc                MUSART1_voidSendCharSync
 .text.MUSART1_voidSendSrtingSynch
                0x08000dec       0x18 ./src/MUSART1_program.o
                0x08000dec                MUSART1_voidSendSrtingSynch
 .text.MUSART1_u8ReadDataRegister
                0x08000e04        0xc ./src/MUSART1_program.o
                0x08000e04                MUSART1_u8ReadDataRegister
 .text.MUSART1_voidClearFlags
                0x08000e10        0xc ./src/MUSART1_program.o
                0x08000e10                MUSART1_voidClearFlags
 .text.MUSART1_voidSetCallBack
                0x08000e1c        0xc ./src/MUSART1_program.o
                0x08000e1c                MUSART1_voidSetCallBack
 .text.USART1_IRQHandler
                0x08000e28       0x18 ./src/MUSART1_program.o
                0x08000e28                USART1_IRQHandler
 .text.MNVIC_voidInit
                0x08000e40       0x10 ./src/NVIC_program.o
                0x08000e40                MNVIC_voidInit
 .text.MNVIC_u8EnableInterrupt
                0x08000e50       0x34 ./src/NVIC_program.o
                0x08000e50                MNVIC_u8EnableInterrupt
 .text.MNVIC_voidSetInterruptPriority
                0x08000e84       0x1e ./src/NVIC_program.o
                0x08000e84                MNVIC_voidSetInterruptPriority
 *fill*         0x08000ea2        0x2 
 .text.MRCC_voidInitSysClock
                0x08000ea4       0x40 ./src/RCC_program.o
                0x08000ea4                MRCC_voidInitSysClock
 .text.MRCC_voidEnableClock
                0x08000ee4       0x4c ./src/RCC_program.o
                0x08000ee4                MRCC_voidEnableClock
 .text.HSERVO_viodSetServoAngle
                0x08000f30       0x34 ./src/SERVO_program.o
                0x08000f30                HSERVO_viodSetServoAngle
 .text.MSPI1_voidInit
                0x08000f64       0x68 ./src/SPI_program.o
                0x08000f64                MSPI1_voidInit
 .text.MSPI1_voidSendReceiveSynch
                0x08000fcc       0x34 ./src/SPI_program.o
                0x08000fcc                MSPI1_voidSendReceiveSynch
 .text.MSTK_voidInit
                0x08001000        0xc ./src/STK_program.o
                0x08001000                MSTK_voidInit
 .text.MSTK_voidSetBusyWait
                0x0800100c       0x34 ./src/STK_program.o
                0x0800100c                MSTK_voidSetBusyWait
 .text.SysTick_Handler
                0x08001040       0x3c ./src/STK_program.o
                0x08001040                SysTick_Handler
 .text.voidWriteData
                0x0800107c       0x1e ./src/TFT_program.o
 .text.DrawTheColor
                0x0800109a       0x12 ./src/TFT_program.o
 .text.voidWriteCommand
                0x080010ac       0x1e ./src/TFT_program.o
 .text.HTFT_voidBounders
                0x080010ca       0x48 ./src/TFT_program.o
 .text.HTFT_voidDrawPixel
                0x08001112       0x2c ./src/TFT_program.o
 *fill*         0x0800113e        0x2 
 .text.HTFT_voidInit
                0x08001140       0x7c ./src/TFT_program.o
                0x08001140                HTFT_voidInit
 .text.HTFT_voidFillColor
                0x080011bc       0x62 ./src/TFT_program.o
                0x080011bc                HTFT_voidFillColor
 *fill*         0x0800121e        0x2 
 .text.HTFT_voidDrawChar
                0x08001220       0x6c ./src/TFT_program.o
                0x08001220                HTFT_voidDrawChar
 .text.HTFT_voidDrawString
                0x0800128c       0x36 ./src/TFT_program.o
                0x0800128c                HTFT_voidDrawString
 *fill*         0x080012c2        0x2 
 .text.HTFT_voidWriteNumber
                0x080012c4       0xc0 ./src/TFT_program.o
                0x080012c4                HTFT_voidWriteNumber
 .text.MTIM2_voidSetBusyWaitUs
                0x08001384       0x34 ./src/TIM_program.o
                0x08001384                MTIM2_voidSetBusyWaitUs
 .text.MTIM1_f32Ch1Ch2InitMeasureTonPeriod
                0x080013b8       0x4c ./src/TIM_program.o
                0x080013b8                MTIM1_f32Ch1Ch2InitMeasureTonPeriod
 .text.MTIM1_f32Ch1Ch2MeasureTonPeriod
                0x08001404       0x44 ./src/TIM_program.o
                0x08001404                MTIM1_f32Ch1Ch2MeasureTonPeriod
 .text.MTIM4_voidSetPWM
                0x08001448      0x1e8 ./src/TIM_program.o
                0x08001448                MTIM4_voidSetPWM
 .text.TIM3_IRQHandler
                0x08001630       0x34 ./src/TIM_program.o
                0x08001630                TIM3_IRQHandler
 .text.TIM4_IRQHandler
                0x08001664        0x2 ./src/TIM_program.o
                0x08001664                TIM4_IRQHandler
 *fill*         0x08001666        0x2 
 .text.TIM1_CC_IRQHandler
                0x08001668       0x58 ./src/TIM_program.o
                0x08001668                TIM1_CC_IRQHandler
 .text.HUltrasonicInti
                0x080016c0       0x38 ./src/ULTRASONIC_program.o
                0x080016c0                HUltrasonicInti
 .text.HUltraSonicTriger
                0x080016f8       0x1e ./src/ULTRASONIC_program.o
                0x080016f8                HUltraSonicTriger
 *fill*         0x08001716        0x2 
 .text.HUltrasonicReturnDistance
                0x08001718       0x34 ./src/ULTRASONIC_program.o
                0x08001718                HUltrasonicReturnDistance
 .text.adel     0x0800174c        0xe ./src/main.o
                0x0800174c                adel
 *fill*         0x0800175a        0x2 
 .text.UltraSonicFuntion
                0x0800175c       0x58 ./src/main.o
                0x0800175c                UltraSonicFuntion
 .text.main     0x080017b4      0x4dc ./src/main.o
                0x080017b4                main
 .text          0x08001c90      0x378 d:/imt/imt tools/sdk/imt_sdk_win_64/winarm/armgcc/bin/../lib/gcc/arm-none-eabi/7.2.1/thumb/v7-m\libgcc.a(_arm_addsubdf3.o)
                0x08001c90                __aeabi_drsub
                0x08001c98                __aeabi_dsub
                0x08001c98                __subdf3
                0x08001c9c                __aeabi_dadd
                0x08001c9c                __adddf3
                0x08001f14                __floatunsidf
                0x08001f14                __aeabi_ui2d
                0x08001f34                __floatsidf
                0x08001f34                __aeabi_i2d
                0x08001f58                __aeabi_f2d
                0x08001f58                __extendsfdf2
                0x08001f9c                __floatundidf
                0x08001f9c                __aeabi_ul2d
                0x08001fac                __floatdidf
                0x08001fac                __aeabi_l2d
 .text          0x08002008      0x424 d:/imt/imt tools/sdk/imt_sdk_win_64/winarm/armgcc/bin/../lib/gcc/arm-none-eabi/7.2.1/thumb/v7-m\libgcc.a(_arm_muldivdf3.o)
                0x08002008                __aeabi_dmul
                0x08002008                __muldf3
                0x0800225c                __divdf3
                0x0800225c                __aeabi_ddiv
 .text          0x0800242c       0xa0 d:/imt/imt tools/sdk/imt_sdk_win_64/winarm/armgcc/bin/../lib/gcc/arm-none-eabi/7.2.1/thumb/v7-m\libgcc.a(_arm_truncdfsf2.o)
                0x0800242c                __truncdfsf2
                0x0800242c                __aeabi_d2f
 .text          0x080024cc      0x21c d:/imt/imt tools/sdk/imt_sdk_win_64/winarm/armgcc/bin/../lib/gcc/arm-none-eabi/7.2.1/thumb/v7-m\libgcc.a(_arm_addsubsf3.o)
                0x080024cc                __aeabi_frsub
                0x080024d4                __subsf3
                0x080024d4                __aeabi_fsub
                0x080024d8                __aeabi_fadd
                0x080024d8                __addsf3
                0x08002638                __aeabi_ui2f
                0x08002638                __floatunsisf
                0x08002640                __aeabi_i2f
                0x08002640                __floatsisf
                0x0800265c                __aeabi_ul2f
                0x0800265c                __floatundisf
                0x0800266c                __aeabi_l2f
                0x0800266c                __floatdisf
 .text          0x080026e8      0x2a0 d:/imt/imt tools/sdk/imt_sdk_win_64/winarm/armgcc/bin/../lib/gcc/arm-none-eabi/7.2.1/thumb/v7-m\libgcc.a(_arm_muldivsf3.o)
                0x080026e8                __mulsf3
                0x080026e8                __aeabi_fmul
                0x08002850                __aeabi_fdiv
                0x08002850                __divsf3
 .text          0x08002988       0xec d:/imt/imt tools/sdk/imt_sdk_win_64/winarm/armgcc/bin/../lib/gcc/arm-none-eabi/7.2.1/thumb/v7-m\libgcc.a(_arm_cmpsf2.o)
                0x08002988                __gesf2
                0x08002988                __gtsf2
                0x08002990                __lesf2
                0x08002990                __ltsf2
                0x08002998                __nesf2
                0x08002998                __eqsf2
                0x08002998                __cmpsf2
                0x080029f8                __aeabi_cfrcmple
                0x08002a00                __aeabi_cfcmpeq
                0x08002a00                __aeabi_cfcmple
                0x08002a10                __aeabi_fcmpeq
                0x08002a24                __aeabi_fcmplt
                0x08002a38                __aeabi_fcmple
                0x08002a4c                __aeabi_fcmpge
                0x08002a60                __aeabi_fcmpgt
 .text          0x08002a74       0x40 d:/imt/imt tools/sdk/imt_sdk_win_64/winarm/armgcc/bin/../lib/gcc/arm-none-eabi/7.2.1/thumb/v7-m\libgcc.a(_arm_fixunssfsi.o)
                0x08002a74                __fixunssfsi
                0x08002a74                __aeabi_f2uiz
 .text.__errno  0x08002ab4        0xc d:/imt/imt tools/sdk/imt_sdk_win_64/winarm/armgcc/bin/../lib/gcc/arm-none-eabi/7.2.1/../../../../arm-none-eabi/lib/thumb/v7-m\libg_nano.a(lib_a-errno.o)
                0x08002ab4                __errno
 .text._vsnprintf_r
                0x08002ac0       0x58 d:/imt/imt tools/sdk/imt_sdk_win_64/winarm/armgcc/bin/../lib/gcc/arm-none-eabi/7.2.1/../../../../arm-none-eabi/lib/thumb/v7-m\libg_nano.a(lib_a-vsnprintf.o)
                0x08002ac0                _vsniprintf_r
                0x08002ac0                _vsnprintf_r
 .text.vsnprintf
                0x08002b18       0x1c d:/imt/imt tools/sdk/imt_sdk_win_64/winarm/armgcc/bin/../lib/gcc/arm-none-eabi/7.2.1/../../../../arm-none-eabi/lib/thumb/v7-m\libg_nano.a(lib_a-vsnprintf.o)
                0x08002b18                vsniprintf
                0x08002b18                vsnprintf
 .text.__ssputs_r
                0x08002b34       0xb4 d:/imt/imt tools/sdk/imt_sdk_win_64/winarm/armgcc/bin/../lib/gcc/arm-none-eabi/7.2.1/../../../../arm-none-eabi/lib/thumb/v7-m\libg_nano.a(lib_a-nano-svfprintf.o)
                0x08002b34                __ssputs_r
 .text._svfprintf_r
                0x08002be8      0x1ec d:/imt/imt tools/sdk/imt_sdk_win_64/winarm/armgcc/bin/../lib/gcc/arm-none-eabi/7.2.1/../../../../arm-none-eabi/lib/thumb/v7-m\libg_nano.a(lib_a-nano-svfprintf.o)
                0x08002be8                _svfiprintf_r
                0x08002be8                _svfprintf_r
 .text._printf_common
                0x08002dd4       0xec d:/imt/imt tools/sdk/imt_sdk_win_64/winarm/armgcc/bin/../lib/gcc/arm-none-eabi/7.2.1/../../../../arm-none-eabi/lib/thumb/v7-m\libg_nano.a(lib_a-nano-vfprintf_i.o)
                0x08002dd4                _printf_common
 .text._printf_i
                0x08002ec0      0x224 d:/imt/imt tools/sdk/imt_sdk_win_64/winarm/armgcc/bin/../lib/gcc/arm-none-eabi/7.2.1/../../../../arm-none-eabi/lib/thumb/v7-m\libg_nano.a(lib_a-nano-vfprintf_i.o)
                0x08002ec0                _printf_i
 .text.memchr   0x080030e4       0x1c d:/imt/imt tools/sdk/imt_sdk_win_64/winarm/armgcc/bin/../lib/gcc/arm-none-eabi/7.2.1/../../../../arm-none-eabi/lib/thumb/v7-m\libg_nano.a(lib_a-memchr-stub.o)
                0x080030e4                memchr
 .text.memcpy   0x08003100       0x16 d:/imt/imt tools/sdk/imt_sdk_win_64/winarm/armgcc/bin/../lib/gcc/arm-none-eabi/7.2.1/../../../../arm-none-eabi/lib/thumb/v7-m\libg_nano.a(lib_a-memcpy-stub.o)
                0x08003100                memcpy
 .text.memmove  0x08003116       0x32 d:/imt/imt tools/sdk/imt_sdk_win_64/winarm/armgcc/bin/../lib/gcc/arm-none-eabi/7.2.1/../../../../arm-none-eabi/lib/thumb/v7-m\libg_nano.a(lib_a-memmove.o)
                0x08003116                memmove
 .text._free_r  0x08003148       0x98 d:/imt/imt tools/sdk/imt_sdk_win_64/winarm/armgcc/bin/../lib/gcc/arm-none-eabi/7.2.1/../../../../arm-none-eabi/lib/thumb/v7-m\libg_nano.a(lib_a-nano-freer.o)
                0x08003148                _free_r
 .text._malloc_r
                0x080031e0       0xb4 d:/imt/imt tools/sdk/imt_sdk_win_64/winarm/armgcc/bin/../lib/gcc/arm-none-eabi/7.2.1/../../../../arm-none-eabi/lib/thumb/v7-m\libg_nano.a(lib_a-nano-mallocr.o)
                0x080031e0                _malloc_r
 .text._realloc_r
                0x08003294       0x4c d:/imt/imt tools/sdk/imt_sdk_win_64/winarm/armgcc/bin/../lib/gcc/arm-none-eabi/7.2.1/../../../../arm-none-eabi/lib/thumb/v7-m\libg_nano.a(lib_a-nano-reallocr.o)
                0x08003294                _realloc_r
 .text._sbrk_r  0x080032e0       0x20 d:/imt/imt tools/sdk/imt_sdk_win_64/winarm/armgcc/bin/../lib/gcc/arm-none-eabi/7.2.1/../../../../arm-none-eabi/lib/thumb/v7-m\libg_nano.a(lib_a-sbrkr.o)
                0x080032e0                _sbrk_r
 .text.__malloc_lock
                0x08003300        0x2 d:/imt/imt tools/sdk/imt_sdk_win_64/winarm/armgcc/bin/../lib/gcc/arm-none-eabi/7.2.1/../../../../arm-none-eabi/lib/thumb/v7-m\libg_nano.a(lib_a-mlock.o)
                0x08003300                __malloc_lock
 .text.__malloc_unlock
                0x08003302        0x2 d:/imt/imt tools/sdk/imt_sdk_win_64/winarm/armgcc/bin/../lib/gcc/arm-none-eabi/7.2.1/../../../../arm-none-eabi/lib/thumb/v7-m\libg_nano.a(lib_a-mlock.o)
                0x08003302                __malloc_unlock
 .text._malloc_usable_size_r
                0x08003304       0x10 d:/imt/imt tools/sdk/imt_sdk_win_64/winarm/armgcc/bin/../lib/gcc/arm-none-eabi/7.2.1/../../../../arm-none-eabi/lib/thumb/v7-m\libg_nano.a(lib_a-nano-msizer.o)
                0x08003304                _malloc_usable_size_r
 *(.rodata .rodata.* .constdata .constdata.*)
 .rodata.dumpExceptionStack.str1.4
                0x08003314      0x11a ./system/src/cortexm/exception_handlers.o
 *fill*         0x0800342e        0x2 
 .rodata.str1.4
                0x08003430       0x2a ./system/src/cortexm/exception_handlers.o
 *fill*         0x0800345a        0x2 
 .rodata.HESP8266_u8ReceiveHttpReq.str1.4
                0x0800345c       0x26 ./src/HESP8266_program.o
 *fill*         0x08003482        0x2 
 .rodata.HESP8266_voidCIPsend.str1.4
                0x08003484        0xc ./src/HESP8266_program.o
 .rodata.HESP8266_voidConnectToSrvTcp.str1.4
                0x08003490       0x17 ./src/HESP8266_program.o
                                 0x1b (size before relaxing)
 *fill*         0x080034a7        0x1 
 .rodata.HESP8266_voidConnectToWiFi.str1.4
                0x080034a8       0x10 ./src/HESP8266_program.o
                                 0x14 (size before relaxing)
 .rodata.HESP8266_voidInit.str1.4
                0x080034b8       0x32 ./src/HESP8266_program.o
 *fill*         0x080034ea        0x2 
 .rodata.HESP8266_voidStealingSys.str1.4
                0x080034ec       0x39 ./src/HESP8266_program.o
 *fill*         0x08003525        0x3 
 .rodata        0x08003528       0x18 ./src/KPD_program.o
 .rodata.font   0x08003540      0x1e0 ./src/TFT_program.o
 .rodata.main.str1.4
                0x08003720       0x9c ./src/main.o
                                 0x99 (size before relaxing)
 .rodata._svfprintf_r.str1.1
                0x080037bc       0x11 d:/imt/imt tools/sdk/imt_sdk_win_64/winarm/armgcc/bin/../lib/gcc/arm-none-eabi/7.2.1/../../../../arm-none-eabi/lib/thumb/v7-m\libg_nano.a(lib_a-nano-svfprintf.o)
 .rodata._printf_i.str1.1
                0x080037cd       0x22 d:/imt/imt tools/sdk/imt_sdk_win_64/winarm/armgcc/bin/../lib/gcc/arm-none-eabi/7.2.1/../../../../arm-none-eabi/lib/thumb/v7-m\libg_nano.a(lib_a-nano-vfprintf_i.o)
 *(vtable)
 *(.eh_frame*)
 *(.glue_7)
 .glue_7        0x080037ef        0x0 linker stubs
 *(.glue_7t)
 .glue_7t       0x080037ef        0x0 linker stubs

.vfp11_veneer   0x080037f0        0x0
 .vfp11_veneer  0x080037f0        0x0 linker stubs

.v4_bx          0x080037f0        0x0
 .v4_bx         0x080037f0        0x0 linker stubs

.iplt           0x080037f0        0x0
 .iplt          0x080037f0        0x0 ./system/src/newlib/_exit.o

.rel.dyn        0x080037f0        0x0
 .rel.iplt      0x080037f0        0x0 ./system/src/newlib/_exit.o

.ARM.extab
 *(.ARM.extab* .gnu.linkonce.armextab.*)
                0x080037f0                . = ALIGN (0x4)
                0x080037f0                __exidx_start = .

.ARM.exidx
 *(.ARM.exidx* .gnu.linkonce.armexidx.*)
                0x080037f0                __exidx_end = .
                0x080037f0                . = ALIGN (0x4)
                0x080037f0                _etext = .
                0x080037f0                __etext = .

.data_CCMRAM    0x00000000        0x0 load address 0x080037f0
 FILL mask 0xff
 *(.data.CCMRAM .data.CCMRAM.*)
                0x00000000                . = ALIGN (0x4)
                0x080037f0                _sidata = LOADADDR (.data)

.data           0x20000000       0x8c load address 0x080037f0
 FILL mask 0xff
                0x20000000                _sdata = .
                0x20000000                __data_start__ = .
 *(.data_begin .data_begin.*)
 .data_begin    0x20000000        0x4 ./system/src/newlib/_startup.o
 *(.data .data.*)
 .data.argv.4310
                0x20000004        0x8 ./system/src/newlib/_syscalls.o
 .data.AHBPrescTable
                0x2000000c       0x10 ./system/src/cmsis/system_stm32f10x.o
                0x2000000c                AHBPrescTable
 .data.SystemCoreClock
                0x2000001c        0x4 ./system/src/cmsis/system_stm32f10x.o
                0x2000001c                SystemCoreClock
 .data.Global_u8Tim1Ch1Counter
                0x20000020        0x1 ./src/TIM_program.o
                0x20000020                Global_u8Tim1Ch1Counter
 *fill*         0x20000021        0x3 ff
 .data._impure_ptr
                0x20000024        0x4 d:/imt/imt tools/sdk/imt_sdk_win_64/winarm/armgcc/bin/../lib/gcc/arm-none-eabi/7.2.1/../../../../arm-none-eabi/lib/thumb/v7-m\libg_nano.a(lib_a-impure.o)
                0x20000024                _impure_ptr
 .data.impure_data
                0x20000028       0x60 d:/imt/imt tools/sdk/imt_sdk_win_64/winarm/armgcc/bin/../lib/gcc/arm-none-eabi/7.2.1/../../../../arm-none-eabi/lib/thumb/v7-m\libg_nano.a(lib_a-impure.o)
 *(.data_end .data_end.*)
 .data_end      0x20000088        0x4 ./system/src/newlib/_startup.o
                0x2000008c                . = ALIGN (0x4)
                0x2000008c                _edata = .
                0x2000008c                __data_end__ = .

.igot.plt       0x2000008c        0x0 load address 0x0800387c
 .igot.plt      0x2000008c        0x0 ./system/src/newlib/_exit.o

.bss_CCMRAM     0x00000000        0x0
 *(.bss.CCMRAM .bss.CCMRAM.*)

.bss            0x2000008c      0x6b8
                0x2000008c                __bss_start__ = .
                0x2000008c                _sbss = .
 *(.bss_begin .bss_begin.*)
 .bss_begin     0x2000008c        0x4 ./system/src/newlib/_startup.o
 *(.bss .bss.*)
 .bss.current_heap_end.3961
                0x20000090        0x4 ./system/src/newlib/_sbrk.o
 .bss.name.4309
                0x20000094        0x1 ./system/src/newlib/_syscalls.o
 *fill*         0x20000095        0x3 
 .bss.buf.5205  0x20000098       0x80 ./system/src/diag/Trace.o
 .bss.EXTI0_CallBack
                0x20000118        0x4 ./src/EXTI_program.o
 .bss.EXTI1_CallBack
                0x2000011c        0x4 ./src/EXTI_program.o
 .bss.EXTI3_CallBack
                0x20000120        0x4 ./src/EXTI_program.o
 .bss.Iterator  0x20000124        0x2 ./src/HESP8266_program.o
                0x20000124                Iterator
 *fill*         0x20000126        0x2 
 .bss.Callback  0x20000128        0x4 ./src/STK_program.o
 .bss.STK_u8ModeOfInterval
                0x2000012c        0x1 ./src/STK_program.o
 *fill*         0x2000012d        0x3 
 .bss.Global_u16Tim1Ch1InputCaptures
                0x20000130        0x4 ./src/TIM_program.o
                0x20000130                Global_u16Tim1Ch1InputCaptures
 .bss.Global_u8Tim1Ch1IsCaptureDone
                0x20000134        0x1 ./src/TIM_program.o
                0x20000134                Global_u8Tim1Ch1IsCaptureDone
 *fill*         0x20000135        0x3 
 .bss.TIM3_CallBack
                0x20000138        0x4 ./src/TIM_program.o
 .bss.TIM3_u8ModeOfInterval
                0x2000013c        0x1 ./src/TIM_program.o
 *fill*         0x2000013d        0x3 
 .bss.__malloc_free_list
                0x20000140        0x4 d:/imt/imt tools/sdk/imt_sdk_win_64/winarm/armgcc/bin/../lib/gcc/arm-none-eabi/7.2.1/../../../../arm-none-eabi/lib/thumb/v7-m\libg_nano.a(lib_a-nano-mallocr.o)
                0x20000140                __malloc_free_list
 .bss.__malloc_sbrk_start
                0x20000144        0x4 d:/imt/imt tools/sdk/imt_sdk_win_64/winarm/armgcc/bin/../lib/gcc/arm-none-eabi/7.2.1/../../../../arm-none-eabi/lib/thumb/v7-m\libg_nano.a(lib_a-nano-mallocr.o)
                0x20000144                __malloc_sbrk_start
 *(COMMON)
 COMMON         0x20000148        0x4 ./system/src/newlib/_syscalls.o
                0x20000148                errno
 COMMON         0x2000014c      0x5dc ./src/HESP8266_program.o
                0x2000014c                DataCome
 COMMON         0x20000728       0x18 ./src/MUSART1_program.o
                0x20000728                String
                0x2000073c                MUSART1_CallBack
 *(.bss_end .bss_end.*)
 .bss_end       0x20000740        0x4 ./system/src/newlib/_startup.o
                0x20000744                . = ALIGN (0x4)
                0x20000744                __bss_end__ = .
                0x20000744                _ebss = .

.noinit_CCMRAM
 *(.noinit.CCMRAM .noinit.CCMRAM.*)

.noinit         0x20000744        0x0
                0x20000744                _noinit = .
 *(.noinit .noinit.*)
                0x20000744                . = ALIGN (0x4)
                0x20000744                _end_noinit = .
                [!provide]                PROVIDE (end, _end_noinit)
                [!provide]                PROVIDE (_end, _end_noinit)
                [!provide]                PROVIDE (__end, _end_noinit)
                [!provide]                PROVIDE (__end__, _end_noinit)

._check_stack   0x20000744      0x100
                0x20000844                . = (. + _Minimum_Stack_Size)
 *fill*         0x20000744      0x100 

.b1text
 *(.b1text)
 *(.b1rodata)
 *(.b1rodata.*)

.eb0text
 *(.eb0text)
 *(.eb0rodata)
 *(.eb0rodata.*)

.eb1text
 *(.eb1text)
 *(.eb1rodata)
 *(.eb1rodata.*)

.eb2text
 *(.eb2text)
 *(.eb2rodata)
 *(.eb2rodata.*)

.eb3text
 *(.eb3text)
 *(.eb3rodata)
 *(.eb3rodata.*)

.stab
 *(.stab)

.stabstr
 *(.stabstr)

.stab.excl
 *(.stab.excl)

.stab.exclstr
 *(.stab.exclstr)

.stab.index
 *(.stab.index)

.stab.indexstr
 *(.stab.indexstr)

.comment        0x00000000       0x7e
 *(.comment)
 .comment       0x00000000       0x7e ./system/src/newlib/_exit.o
                                 0x7f (size before relaxing)
 .comment       0x0000007e       0x7f ./system/src/newlib/_sbrk.o
 .comment       0x0000007e       0x7f ./system/src/newlib/_startup.o
 .comment       0x0000007e       0x7f ./system/src/newlib/_syscalls.o
 .comment       0x0000007e       0x7f ./system/src/diag/Trace.o
 .comment       0x0000007e       0x7f ./system/src/diag/trace_impl.o
 .comment       0x0000007e       0x7f ./system/src/cortexm/_initialize_hardware.o
 .comment       0x0000007e       0x7f ./system/src/cortexm/exception_handlers.o
 .comment       0x0000007e       0x7f ./system/src/cmsis/system_stm32f10x.o
 .comment       0x0000007e       0x7f ./system/src/cmsis/vectors_stm32f10x.o
 .comment       0x0000007e       0x7f ./src/BUZERR_program.o
 .comment       0x0000007e       0x7f ./src/EXTI_program.o
 .comment       0x0000007e       0x7f ./src/GPIO_program.o
 .comment       0x0000007e       0x7f ./src/HESP8266_program.o
 .comment       0x0000007e       0x7f ./src/KPD_program.o
 .comment       0x0000007e       0x7f ./src/MUSART1_program.o
 .comment       0x0000007e       0x7f ./src/NVIC_program.o
 .comment       0x0000007e       0x7f ./src/RCC_program.o
 .comment       0x0000007e       0x7f ./src/SERVO_program.o
 .comment       0x0000007e       0x7f ./src/SPI_program.o
 .comment       0x0000007e       0x7f ./src/STK_program.o
 .comment       0x0000007e       0x7f ./src/TFT_program.o
 .comment       0x0000007e       0x7f ./src/TIM_program.o
 .comment       0x0000007e       0x7f ./src/ULTRASONIC_program.o
 .comment       0x0000007e       0x7f ./src/main.o

.ARM.attributes
                0x00000000       0x31
 .ARM.attributes
                0x00000000       0x33 ./system/src/newlib/_exit.o
 .ARM.attributes
                0x00000033       0x33 ./system/src/newlib/_sbrk.o
 .ARM.attributes
                0x00000066       0x33 ./system/src/newlib/_startup.o
 .ARM.attributes
                0x00000099       0x33 ./system/src/newlib/_syscalls.o
 .ARM.attributes
                0x000000cc       0x33 ./system/src/diag/Trace.o
 .ARM.attributes
                0x000000ff       0x33 ./system/src/diag/trace_impl.o
 .ARM.attributes
                0x00000132       0x33 ./system/src/cortexm/_initialize_hardware.o
 .ARM.attributes
                0x00000165       0x33 ./system/src/cortexm/exception_handlers.o
 .ARM.attributes
                0x00000198       0x33 ./system/src/cmsis/system_stm32f10x.o
 .ARM.attributes
                0x000001cb       0x33 ./system/src/cmsis/vectors_stm32f10x.o
 .ARM.attributes
                0x000001fe       0x33 ./src/BUZERR_program.o
 .ARM.attributes
                0x00000231       0x33 ./src/EXTI_program.o
 .ARM.attributes
                0x00000264       0x33 ./src/GPIO_program.o
 .ARM.attributes
                0x00000297       0x33 ./src/HESP8266_program.o
 .ARM.attributes
                0x000002ca       0x33 ./src/KPD_program.o
 .ARM.attributes
                0x000002fd       0x33 ./src/MUSART1_program.o
 .ARM.attributes
                0x00000330       0x33 ./src/NVIC_program.o
 .ARM.attributes
                0x00000363       0x33 ./src/RCC_program.o
 .ARM.attributes
                0x00000396       0x33 ./src/SERVO_program.o
 .ARM.attributes
                0x000003c9       0x33 ./src/SPI_program.o
 .ARM.attributes
                0x000003fc       0x33 ./src/STK_program.o
 .ARM.attributes
                0x0000042f       0x33 ./src/TFT_program.o
 .ARM.attributes
                0x00000462       0x33 ./src/TIM_program.o
 .ARM.attributes
                0x00000495       0x33 ./src/ULTRASONIC_program.o
 .ARM.attributes
                0x000004c8       0x33 ./src/main.o
 .ARM.attributes
                0x000004fb       0x1d d:/imt/imt tools/sdk/imt_sdk_win_64/winarm/armgcc/bin/../lib/gcc/arm-none-eabi/7.2.1/thumb/v7-m\libgcc.a(_arm_addsubdf3.o)
 .ARM.attributes
                0x00000518       0x1d d:/imt/imt tools/sdk/imt_sdk_win_64/winarm/armgcc/bin/../lib/gcc/arm-none-eabi/7.2.1/thumb/v7-m\libgcc.a(_arm_muldivdf3.o)
 .ARM.attributes
                0x00000535       0x1d d:/imt/imt tools/sdk/imt_sdk_win_64/winarm/armgcc/bin/../lib/gcc/arm-none-eabi/7.2.1/thumb/v7-m\libgcc.a(_arm_truncdfsf2.o)
 .ARM.attributes
                0x00000552       0x1d d:/imt/imt tools/sdk/imt_sdk_win_64/winarm/armgcc/bin/../lib/gcc/arm-none-eabi/7.2.1/thumb/v7-m\libgcc.a(_arm_addsubsf3.o)
 .ARM.attributes
                0x0000056f       0x1d d:/imt/imt tools/sdk/imt_sdk_win_64/winarm/armgcc/bin/../lib/gcc/arm-none-eabi/7.2.1/thumb/v7-m\libgcc.a(_arm_muldivsf3.o)
 .ARM.attributes
                0x0000058c       0x1d d:/imt/imt tools/sdk/imt_sdk_win_64/winarm/armgcc/bin/../lib/gcc/arm-none-eabi/7.2.1/thumb/v7-m\libgcc.a(_arm_cmpsf2.o)
 .ARM.attributes
                0x000005a9       0x1d d:/imt/imt tools/sdk/imt_sdk_win_64/winarm/armgcc/bin/../lib/gcc/arm-none-eabi/7.2.1/thumb/v7-m\libgcc.a(_arm_fixunssfsi.o)
 .ARM.attributes
                0x000005c6       0x2d d:/imt/imt tools/sdk/imt_sdk_win_64/winarm/armgcc/bin/../lib/gcc/arm-none-eabi/7.2.1/../../../../arm-none-eabi/lib/thumb/v7-m\libg_nano.a(lib_a-errno.o)
 .ARM.attributes
                0x000005f3       0x2d d:/imt/imt tools/sdk/imt_sdk_win_64/winarm/armgcc/bin/../lib/gcc/arm-none-eabi/7.2.1/../../../../arm-none-eabi/lib/thumb/v7-m\libg_nano.a(lib_a-impure.o)
 .ARM.attributes
                0x00000620       0x2d d:/imt/imt tools/sdk/imt_sdk_win_64/winarm/armgcc/bin/../lib/gcc/arm-none-eabi/7.2.1/../../../../arm-none-eabi/lib/thumb/v7-m\libg_nano.a(lib_a-vsnprintf.o)
 .ARM.attributes
                0x0000064d       0x2d d:/imt/imt tools/sdk/imt_sdk_win_64/winarm/armgcc/bin/../lib/gcc/arm-none-eabi/7.2.1/../../../../arm-none-eabi/lib/thumb/v7-m\libg_nano.a(lib_a-nano-svfprintf.o)
 .ARM.attributes
                0x0000067a       0x2d d:/imt/imt tools/sdk/imt_sdk_win_64/winarm/armgcc/bin/../lib/gcc/arm-none-eabi/7.2.1/../../../../arm-none-eabi/lib/thumb/v7-m\libg_nano.a(lib_a-nano-vfprintf_i.o)
 .ARM.attributes
                0x000006a7       0x2d d:/imt/imt tools/sdk/imt_sdk_win_64/winarm/armgcc/bin/../lib/gcc/arm-none-eabi/7.2.1/../../../../arm-none-eabi/lib/thumb/v7-m\libg_nano.a(lib_a-memchr-stub.o)
 .ARM.attributes
                0x000006d4       0x2d d:/imt/imt tools/sdk/imt_sdk_win_64/winarm/armgcc/bin/../lib/gcc/arm-none-eabi/7.2.1/../../../../arm-none-eabi/lib/thumb/v7-m\libg_nano.a(lib_a-memcpy-stub.o)
 .ARM.attributes
                0x00000701       0x2d d:/imt/imt tools/sdk/imt_sdk_win_64/winarm/armgcc/bin/../lib/gcc/arm-none-eabi/7.2.1/../../../../arm-none-eabi/lib/thumb/v7-m\libg_nano.a(lib_a-memmove.o)
 .ARM.attributes
                0x0000072e       0x2d d:/imt/imt tools/sdk/imt_sdk_win_64/winarm/armgcc/bin/../lib/gcc/arm-none-eabi/7.2.1/../../../../arm-none-eabi/lib/thumb/v7-m\libg_nano.a(lib_a-nano-freer.o)
 .ARM.attributes
                0x0000075b       0x2d d:/imt/imt tools/sdk/imt_sdk_win_64/winarm/armgcc/bin/../lib/gcc/arm-none-eabi/7.2.1/../../../../arm-none-eabi/lib/thumb/v7-m\libg_nano.a(lib_a-nano-mallocr.o)
 .ARM.attributes
                0x00000788       0x2d d:/imt/imt tools/sdk/imt_sdk_win_64/winarm/armgcc/bin/../lib/gcc/arm-none-eabi/7.2.1/../../../../arm-none-eabi/lib/thumb/v7-m\libg_nano.a(lib_a-nano-reallocr.o)
 .ARM.attributes
                0x000007b5       0x2d d:/imt/imt tools/sdk/imt_sdk_win_64/winarm/armgcc/bin/../lib/gcc/arm-none-eabi/7.2.1/../../../../arm-none-eabi/lib/thumb/v7-m\libg_nano.a(lib_a-sbrkr.o)
 .ARM.attributes
                0x000007e2       0x2d d:/imt/imt tools/sdk/imt_sdk_win_64/winarm/armgcc/bin/../lib/gcc/arm-none-eabi/7.2.1/../../../../arm-none-eabi/lib/thumb/v7-m\libg_nano.a(lib_a-mlock.o)
 .ARM.attributes
                0x0000080f       0x2d d:/imt/imt tools/sdk/imt_sdk_win_64/winarm/armgcc/bin/../lib/gcc/arm-none-eabi/7.2.1/../../../../arm-none-eabi/lib/thumb/v7-m\libg_nano.a(lib_a-nano-msizer.o)

.debug
 *(.debug)

.line
 *(.line)

.debug_srcinfo
 *(.debug_srcinfo)

.debug_sfnames
 *(.debug_sfnames)

.debug_aranges  0x00000000      0x690
 *(.debug_aranges)
 .debug_aranges
                0x00000000       0x28 ./system/src/newlib/_exit.o
 .debug_aranges
                0x00000028       0x20 ./system/src/newlib/_sbrk.o
 .debug_aranges
                0x00000048       0x40 ./system/src/newlib/_startup.o
 .debug_aranges
                0x00000088       0x30 ./system/src/newlib/_syscalls.o
 .debug_aranges
                0x000000b8       0x38 ./system/src/diag/Trace.o
 .debug_aranges
                0x000000f0       0x30 ./system/src/diag/trace_impl.o
 .debug_aranges
                0x00000120       0x28 ./system/src/cortexm/_initialize_hardware.o
 .debug_aranges
                0x00000148       0x90 ./system/src/cortexm/exception_handlers.o
 .debug_aranges
                0x000001d8       0x38 ./system/src/cmsis/system_stm32f10x.o
 .debug_aranges
                0x00000210       0x20 ./system/src/cmsis/vectors_stm32f10x.o
 .debug_aranges
                0x00000230       0x30 ./src/BUZERR_program.o
 .debug_aranges
                0x00000260       0x70 ./src/EXTI_program.o
 .debug_aranges
                0x000002d0       0x38 ./src/GPIO_program.o
 .debug_aranges
                0x00000308       0x78 ./src/HESP8266_program.o
 .debug_aranges
                0x00000380       0x20 ./src/KPD_program.o
 .debug_aranges
                0x000003a0       0x60 ./src/MUSART1_program.o
 .debug_aranges
                0x00000400       0x50 ./src/NVIC_program.o
 .debug_aranges
                0x00000450       0x30 ./src/RCC_program.o
 .debug_aranges
                0x00000480       0x20 ./src/SERVO_program.o
 .debug_aranges
                0x000004a0       0x28 ./src/SPI_program.o
 .debug_aranges
                0x000004c8       0x58 ./src/STK_program.o
 .debug_aranges
                0x00000520       0x78 ./src/TFT_program.o
 .debug_aranges
                0x00000598       0x98 ./src/TIM_program.o
 .debug_aranges
                0x00000630       0x30 ./src/ULTRASONIC_program.o
 .debug_aranges
                0x00000660       0x30 ./src/main.o

.debug_pubnames
 *(.debug_pubnames)

.debug_info     0x00000000     0x846f
 *(.debug_info .gnu.linkonce.wi.*)
 .debug_info    0x00000000      0x956 ./system/src/newlib/_exit.o
 .debug_info    0x00000956      0x942 ./system/src/newlib/_sbrk.o
 .debug_info    0x00001298      0x42e ./system/src/newlib/_startup.o
 .debug_info    0x000016c6      0xa19 ./system/src/newlib/_syscalls.o
 .debug_info    0x000020df      0xb2a ./system/src/diag/Trace.o
 .debug_info    0x00002c09      0x363 ./system/src/diag/trace_impl.o
 .debug_info    0x00002f6c      0x2b5 ./system/src/cortexm/_initialize_hardware.o
 .debug_info    0x00003221     0x1140 ./system/src/cortexm/exception_handlers.o
 .debug_info    0x00004361      0x494 ./system/src/cmsis/system_stm32f10x.o
 .debug_info    0x000047f5       0xca ./system/src/cmsis/vectors_stm32f10x.o
 .debug_info    0x000048bf      0x1db ./src/BUZERR_program.o
 .debug_info    0x00004a9a      0x266 ./src/EXTI_program.o
 .debug_info    0x00004d00      0x17e ./src/GPIO_program.o
 .debug_info    0x00004e7e      0x8c2 ./src/HESP8266_program.o
 .debug_info    0x00005740      0x1a0 ./src/KPD_program.o
 .debug_info    0x000058e0      0x28d ./src/MUSART1_program.o
 .debug_info    0x00005b6d      0x20b ./src/NVIC_program.o
 .debug_info    0x00005d78       0xf7 ./src/RCC_program.o
 .debug_info    0x00005e6f       0xdc ./src/SERVO_program.o
 .debug_info    0x00005f4b      0x18d ./src/SPI_program.o
 .debug_info    0x000060d8      0x20e ./src/STK_program.o
 .debug_info    0x000062e6      0xbfe ./src/TFT_program.o
 .debug_info    0x00006ee4      0x4a8 ./src/TIM_program.o
 .debug_info    0x0000738c      0x204 ./src/ULTRASONIC_program.o
 .debug_info    0x00007590      0xedf ./src/main.o

.debug_abbrev   0x00000000     0x212d
 *(.debug_abbrev)
 .debug_abbrev  0x00000000      0x1f3 ./system/src/newlib/_exit.o
 .debug_abbrev  0x000001f3      0x1fc ./system/src/newlib/_sbrk.o
 .debug_abbrev  0x000003ef      0x1b3 ./system/src/newlib/_startup.o
 .debug_abbrev  0x000005a2      0x234 ./system/src/newlib/_syscalls.o
 .debug_abbrev  0x000007d6      0x276 ./system/src/diag/Trace.o
 .debug_abbrev  0x00000a4c      0x1e2 ./system/src/diag/trace_impl.o
 .debug_abbrev  0x00000c2e       0xea ./system/src/cortexm/_initialize_hardware.o
 .debug_abbrev  0x00000d18      0x32b ./system/src/cortexm/exception_handlers.o
 .debug_abbrev  0x00001043      0x177 ./system/src/cmsis/system_stm32f10x.o
 .debug_abbrev  0x000011ba       0x9d ./system/src/cmsis/vectors_stm32f10x.o
 .debug_abbrev  0x00001257       0x71 ./src/BUZERR_program.o
 .debug_abbrev  0x000012c8       0xe6 ./src/EXTI_program.o
 .debug_abbrev  0x000013ae       0xb7 ./src/GPIO_program.o
 .debug_abbrev  0x00001465      0x12e ./src/HESP8266_program.o
 .debug_abbrev  0x00001593       0xb0 ./src/KPD_program.o
 .debug_abbrev  0x00001643      0x19e ./src/MUSART1_program.o
 .debug_abbrev  0x000017e1       0xb3 ./src/NVIC_program.o
 .debug_abbrev  0x00001894       0x70 ./src/RCC_program.o
 .debug_abbrev  0x00001904       0x8f ./src/SERVO_program.o
 .debug_abbrev  0x00001993       0xed ./src/SPI_program.o
 .debug_abbrev  0x00001a80      0x12f ./src/STK_program.o
 .debug_abbrev  0x00001baf      0x1bb ./src/TFT_program.o
 .debug_abbrev  0x00001d6a      0x1b6 ./src/TIM_program.o
 .debug_abbrev  0x00001f20       0xbb ./src/ULTRASONIC_program.o
 .debug_abbrev  0x00001fdb      0x152 ./src/main.o

.debug_line     0x00000000     0x3d0b
 *(.debug_line)
 .debug_line    0x00000000      0x33f ./system/src/newlib/_exit.o
 .debug_line    0x0000033f      0x2f3 ./system/src/newlib/_sbrk.o
 .debug_line    0x00000632      0x3ad ./system/src/newlib/_startup.o
 .debug_line    0x000009df      0x405 ./system/src/newlib/_syscalls.o
 .debug_line    0x00000de4      0x3bb ./system/src/diag/Trace.o
 .debug_line    0x0000119f      0x628 ./system/src/diag/trace_impl.o
 .debug_line    0x000017c7      0x370 ./system/src/cortexm/_initialize_hardware.o
 .debug_line    0x00001b37      0x6ea ./system/src/cortexm/exception_handlers.o
 .debug_line    0x00002221      0x3e3 ./system/src/cmsis/system_stm32f10x.o
 .debug_line    0x00002604       0xfc ./system/src/cmsis/vectors_stm32f10x.o
 .debug_line    0x00002700      0x100 ./src/BUZERR_program.o
 .debug_line    0x00002800      0x167 ./src/EXTI_program.o
 .debug_line    0x00002967      0x12c ./src/GPIO_program.o
 .debug_line    0x00002a93      0x235 ./src/HESP8266_program.o
 .debug_line    0x00002cc8       0xd9 ./src/KPD_program.o
 .debug_line    0x00002da1      0x175 ./src/MUSART1_program.o
 .debug_line    0x00002f16      0x145 ./src/NVIC_program.o
 .debug_line    0x0000305b       0xdf ./src/RCC_program.o
 .debug_line    0x0000313a       0xbe ./src/SERVO_program.o
 .debug_line    0x000031f8       0xda ./src/SPI_program.o
 .debug_line    0x000032d2      0x141 ./src/STK_program.o
 .debug_line    0x00003413      0x2bd ./src/TFT_program.o
 .debug_line    0x000036d0      0x253 ./src/TIM_program.o
 .debug_line    0x00003923      0x14c ./src/ULTRASONIC_program.o
 .debug_line    0x00003a6f      0x29c ./src/main.o

.debug_frame    0x00000000     0x12e0
 *(.debug_frame)
 .debug_frame   0x00000000       0x38 ./system/src/newlib/_exit.o
 .debug_frame   0x00000038       0x28 ./system/src/newlib/_sbrk.o
 .debug_frame   0x00000060       0x7c ./system/src/newlib/_startup.o
 .debug_frame   0x000000dc       0x50 ./system/src/newlib/_syscalls.o
 .debug_frame   0x0000012c       0x94 ./system/src/diag/Trace.o
 .debug_frame   0x000001c0       0x64 ./system/src/diag/trace_impl.o
 .debug_frame   0x00000224       0x40 ./system/src/cortexm/_initialize_hardware.o
 .debug_frame   0x00000264      0x158 ./system/src/cortexm/exception_handlers.o
 .debug_frame   0x000003bc       0x6c ./system/src/cmsis/system_stm32f10x.o
 .debug_frame   0x00000428       0x20 ./system/src/cmsis/vectors_stm32f10x.o
 .debug_frame   0x00000448       0x58 ./src/BUZERR_program.o
 .debug_frame   0x000004a0       0xd8 ./src/EXTI_program.o
 .debug_frame   0x00000578       0x5c ./src/GPIO_program.o
 .debug_frame   0x000005d4      0x13c ./src/HESP8266_program.o
 .debug_frame   0x00000710       0x38 ./src/KPD_program.o
 .debug_frame   0x00000748       0xbc ./src/MUSART1_program.o
 .debug_frame   0x00000804       0x80 ./src/NVIC_program.o
 .debug_frame   0x00000884       0x40 ./src/RCC_program.o
 .debug_frame   0x000008c4       0x28 ./src/SERVO_program.o
 .debug_frame   0x000008ec       0x3c ./src/SPI_program.o
 .debug_frame   0x00000928       0x98 ./src/STK_program.o
 .debug_frame   0x000009c0      0x198 ./src/TFT_program.o
 .debug_frame   0x00000b58      0x140 ./src/TIM_program.o
 .debug_frame   0x00000c98       0x5c ./src/ULTRASONIC_program.o
 .debug_frame   0x00000cf4       0x6c ./src/main.o
 .debug_frame   0x00000d60       0xac d:/imt/imt tools/sdk/imt_sdk_win_64/winarm/armgcc/bin/../lib/gcc/arm-none-eabi/7.2.1/thumb/v7-m\libgcc.a(_arm_addsubdf3.o)
 .debug_frame   0x00000e0c       0x50 d:/imt/imt tools/sdk/imt_sdk_win_64/winarm/armgcc/bin/../lib/gcc/arm-none-eabi/7.2.1/thumb/v7-m\libgcc.a(_arm_muldivdf3.o)
 .debug_frame   0x00000e5c       0x24 d:/imt/imt tools/sdk/imt_sdk_win_64/winarm/armgcc/bin/../lib/gcc/arm-none-eabi/7.2.1/thumb/v7-m\libgcc.a(_arm_truncdfsf2.o)
 .debug_frame   0x00000e80       0x4c d:/imt/imt tools/sdk/imt_sdk_win_64/winarm/armgcc/bin/../lib/gcc/arm-none-eabi/7.2.1/thumb/v7-m\libgcc.a(_arm_addsubsf3.o)
 .debug_frame   0x00000ecc       0x38 d:/imt/imt tools/sdk/imt_sdk_win_64/winarm/armgcc/bin/../lib/gcc/arm-none-eabi/7.2.1/thumb/v7-m\libgcc.a(_arm_muldivsf3.o)
 .debug_frame   0x00000f04       0xc8 d:/imt/imt tools/sdk/imt_sdk_win_64/winarm/armgcc/bin/../lib/gcc/arm-none-eabi/7.2.1/thumb/v7-m\libgcc.a(_arm_cmpsf2.o)
 .debug_frame   0x00000fcc       0x24 d:/imt/imt tools/sdk/imt_sdk_win_64/winarm/armgcc/bin/../lib/gcc/arm-none-eabi/7.2.1/thumb/v7-m\libgcc.a(_arm_fixunssfsi.o)
 .debug_frame   0x00000ff0       0x20 d:/imt/imt tools/sdk/imt_sdk_win_64/winarm/armgcc/bin/../lib/gcc/arm-none-eabi/7.2.1/../../../../arm-none-eabi/lib/thumb/v7-m\libg_nano.a(lib_a-errno.o)
 .debug_frame   0x00001010       0x4c d:/imt/imt tools/sdk/imt_sdk_win_64/winarm/armgcc/bin/../lib/gcc/arm-none-eabi/7.2.1/../../../../arm-none-eabi/lib/thumb/v7-m\libg_nano.a(lib_a-vsnprintf.o)
 .debug_frame   0x0000105c       0x90 d:/imt/imt tools/sdk/imt_sdk_win_64/winarm/armgcc/bin/../lib/gcc/arm-none-eabi/7.2.1/../../../../arm-none-eabi/lib/thumb/v7-m\libg_nano.a(lib_a-nano-svfprintf.o)
 .debug_frame   0x000010ec       0x60 d:/imt/imt tools/sdk/imt_sdk_win_64/winarm/armgcc/bin/../lib/gcc/arm-none-eabi/7.2.1/../../../../arm-none-eabi/lib/thumb/v7-m\libg_nano.a(lib_a-nano-vfprintf_i.o)
 .debug_frame   0x0000114c       0x28 d:/imt/imt tools/sdk/imt_sdk_win_64/winarm/armgcc/bin/../lib/gcc/arm-none-eabi/7.2.1/../../../../arm-none-eabi/lib/thumb/v7-m\libg_nano.a(lib_a-memchr-stub.o)
 .debug_frame   0x00001174       0x28 d:/imt/imt tools/sdk/imt_sdk_win_64/winarm/armgcc/bin/../lib/gcc/arm-none-eabi/7.2.1/../../../../arm-none-eabi/lib/thumb/v7-m\libg_nano.a(lib_a-memcpy-stub.o)
 .debug_frame   0x0000119c       0x28 d:/imt/imt tools/sdk/imt_sdk_win_64/winarm/armgcc/bin/../lib/gcc/arm-none-eabi/7.2.1/../../../../arm-none-eabi/lib/thumb/v7-m\libg_nano.a(lib_a-memmove.o)
 .debug_frame   0x000011c4       0x38 d:/imt/imt tools/sdk/imt_sdk_win_64/winarm/armgcc/bin/../lib/gcc/arm-none-eabi/7.2.1/../../../../arm-none-eabi/lib/thumb/v7-m\libg_nano.a(lib_a-nano-freer.o)
 .debug_frame   0x000011fc       0x2c d:/imt/imt tools/sdk/imt_sdk_win_64/winarm/armgcc/bin/../lib/gcc/arm-none-eabi/7.2.1/../../../../arm-none-eabi/lib/thumb/v7-m\libg_nano.a(lib_a-nano-mallocr.o)
 .debug_frame   0x00001228       0x3c d:/imt/imt tools/sdk/imt_sdk_win_64/winarm/armgcc/bin/../lib/gcc/arm-none-eabi/7.2.1/../../../../arm-none-eabi/lib/thumb/v7-m\libg_nano.a(lib_a-nano-reallocr.o)
 .debug_frame   0x00001264       0x2c d:/imt/imt tools/sdk/imt_sdk_win_64/winarm/armgcc/bin/../lib/gcc/arm-none-eabi/7.2.1/../../../../arm-none-eabi/lib/thumb/v7-m\libg_nano.a(lib_a-sbrkr.o)
 .debug_frame   0x00001290       0x30 d:/imt/imt tools/sdk/imt_sdk_win_64/winarm/armgcc/bin/../lib/gcc/arm-none-eabi/7.2.1/../../../../arm-none-eabi/lib/thumb/v7-m\libg_nano.a(lib_a-mlock.o)
 .debug_frame   0x000012c0       0x20 d:/imt/imt tools/sdk/imt_sdk_win_64/winarm/armgcc/bin/../lib/gcc/arm-none-eabi/7.2.1/../../../../arm-none-eabi/lib/thumb/v7-m\libg_nano.a(lib_a-nano-msizer.o)

.debug_str      0x00000000    0x58d46
 *(.debug_str)
 .debug_str     0x00000000     0x7d23 ./system/src/newlib/_exit.o
                               0x7ef6 (size before relaxing)
 .debug_str     0x00007d23      0x4f5 ./system/src/newlib/_sbrk.o
                               0x72a8 (size before relaxing)
 .debug_str     0x00008218      0xbbd ./system/src/newlib/_startup.o
                               0x69e3 (size before relaxing)
 .debug_str     0x00008dd5      0xe8b ./system/src/newlib/_syscalls.o
                               0x8183 (size before relaxing)
 .debug_str     0x00009c60      0x826 ./system/src/diag/Trace.o
                               0x866e (size before relaxing)
 .debug_str     0x0000a486    0x4b2b9 ./system/src/diag/trace_impl.o
                              0x52a54 (size before relaxing)
 .debug_str     0x0005573f       0xc4 ./system/src/cortexm/_initialize_hardware.o
                              0x4e845 (size before relaxing)
 .debug_str     0x00055803      0x1a6 ./system/src/cortexm/exception_handlers.o
                              0x53c79 (size before relaxing)
 .debug_str     0x000559a9      0x10f ./system/src/cmsis/system_stm32f10x.o
                              0x4e8df (size before relaxing)
 .debug_str     0x00055ab8       0x57 ./system/src/cmsis/vectors_stm32f10x.o
                               0x3884 (size before relaxing)
 .debug_str     0x00055b0f      0x4d9 ./src/BUZERR_program.o
                               0x327c (size before relaxing)
 .debug_str     0x00055fe8      0x26f ./src/EXTI_program.o
                               0x30ee (size before relaxing)
 .debug_str     0x00056257      0x444 ./src/GPIO_program.o
                               0x35f0 (size before relaxing)
 .debug_str     0x0005669b      0x469 ./src/HESP8266_program.o
                               0x3346 (size before relaxing)
 .debug_str     0x00056b04      0x1fa ./src/KPD_program.o
                               0x3305 (size before relaxing)
 .debug_str     0x00056cfe      0x2e8 ./src/MUSART1_program.o
                               0x33ec (size before relaxing)
 .debug_str     0x00056fe6      0x465 ./src/NVIC_program.o
                               0x32e4 (size before relaxing)
 .debug_str     0x0005744b      0xa00 ./src/RCC_program.o
                               0x387f (size before relaxing)
 .debug_str     0x00057e4b      0x18a ./src/SERVO_program.o
                               0x3009 (size before relaxing)
 .debug_str     0x00057fd5      0x1ba ./src/SPI_program.o
                               0x3366 (size before relaxing)
 .debug_str     0x0005818f      0x219 ./src/STK_program.o
                               0x30ce (size before relaxing)
 .debug_str     0x000583a8      0x278 ./src/TFT_program.o
                               0x34a4 (size before relaxing)
 .debug_str     0x00058620      0x55b ./src/TIM_program.o
                               0x3465 (size before relaxing)
 .debug_str     0x00058b7b      0x119 ./src/ULTRASONIC_program.o
                               0x33d0 (size before relaxing)
 .debug_str     0x00058c94       0xb2 ./src/main.o
                               0x3eac (size before relaxing)

.debug_loc      0x00000000     0x2318
 *(.debug_loc)
 .debug_loc     0x00000000       0x85 ./system/src/newlib/_sbrk.o
 .debug_loc     0x00000085      0x1a9 ./system/src/newlib/_startup.o
 .debug_loc     0x0000022e       0x63 ./system/src/newlib/_syscalls.o
 .debug_loc     0x00000291       0xf6 ./system/src/diag/Trace.o
 .debug_loc     0x00000387      0x121 ./system/src/diag/trace_impl.o
 .debug_loc     0x000004a8      0x291 ./system/src/cortexm/exception_handlers.o
 .debug_loc     0x00000739       0xdf ./system/src/cmsis/system_stm32f10x.o
 .debug_loc     0x00000818      0x13b ./src/EXTI_program.o
 .debug_loc     0x00000953      0x33b ./src/GPIO_program.o
 .debug_loc     0x00000c8e      0x358 ./src/HESP8266_program.o
 .debug_loc     0x00000fe6       0xcb ./src/KPD_program.o
 .debug_loc     0x000010b1       0xf0 ./src/MUSART1_program.o
 .debug_loc     0x000011a1      0x2b5 ./src/NVIC_program.o
 .debug_loc     0x00001456      0x14c ./src/RCC_program.o
 .debug_loc     0x000015a2       0x60 ./src/SERVO_program.o
 .debug_loc     0x00001602       0x4d ./src/SPI_program.o
 .debug_loc     0x0000164f       0xdc ./src/STK_program.o
 .debug_loc     0x0000172b      0x766 ./src/TFT_program.o
 .debug_loc     0x00001e91      0x25f ./src/TIM_program.o
 .debug_loc     0x000020f0      0x228 ./src/main.o

.debug_macinfo
 *(.debug_macinfo)

.debug_weaknames
 *(.debug_weaknames)

.debug_funcnames
 *(.debug_funcnames)

.debug_typenames
 *(.debug_typenames)

.debug_varnames
 *(.debug_varnames)
OUTPUT(Final_project_asmaa.elf elf32-littlearm)

.debug_ranges   0x00000000      0x648
 .debug_ranges  0x00000000       0x18 ./system/src/newlib/_exit.o
 .debug_ranges  0x00000018       0x10 ./system/src/newlib/_sbrk.o
 .debug_ranges  0x00000028       0x78 ./system/src/newlib/_startup.o
 .debug_ranges  0x000000a0       0x20 ./system/src/newlib/_syscalls.o
 .debug_ranges  0x000000c0       0x28 ./system/src/diag/Trace.o
 .debug_ranges  0x000000e8       0x50 ./system/src/diag/trace_impl.o
 .debug_ranges  0x00000138       0x18 ./system/src/cortexm/_initialize_hardware.o
 .debug_ranges  0x00000150       0x80 ./system/src/cortexm/exception_handlers.o
 .debug_ranges  0x000001d0       0x28 ./system/src/cmsis/system_stm32f10x.o
 .debug_ranges  0x000001f8       0x10 ./system/src/cmsis/vectors_stm32f10x.o
 .debug_ranges  0x00000208       0x20 ./src/BUZERR_program.o
 .debug_ranges  0x00000228       0x60 ./src/EXTI_program.o
 .debug_ranges  0x00000288       0x28 ./src/GPIO_program.o
 .debug_ranges  0x000002b0       0x68 ./src/HESP8266_program.o
 .debug_ranges  0x00000318       0x10 ./src/KPD_program.o
 .debug_ranges  0x00000328       0x50 ./src/MUSART1_program.o
 .debug_ranges  0x00000378       0x40 ./src/NVIC_program.o
 .debug_ranges  0x000003b8       0x20 ./src/RCC_program.o
 .debug_ranges  0x000003d8       0x10 ./src/SERVO_program.o
 .debug_ranges  0x000003e8       0x18 ./src/SPI_program.o
 .debug_ranges  0x00000400       0x48 ./src/STK_program.o
 .debug_ranges  0x00000448       0x80 ./src/TFT_program.o
 .debug_ranges  0x000004c8       0x88 ./src/TIM_program.o
 .debug_ranges  0x00000550       0x20 ./src/ULTRASONIC_program.o
 .debug_ranges  0x00000570       0xd8 ./src/main.o

.debug_macro    0x00000000     0x335b
 .debug_macro   0x00000000      0x1b4 ./system/src/newlib/_exit.o
 .debug_macro   0x000001b4       0x9c ./system/src/newlib/_exit.o
 .debug_macro   0x00000250      0x10e ./system/src/newlib/_exit.o
 .debug_macro   0x0000035e       0x8d ./system/src/newlib/_exit.o
 .debug_macro   0x000003eb       0x43 ./system/src/newlib/_exit.o
 .debug_macro   0x0000042e      0x330 ./system/src/newlib/_exit.o
 .debug_macro   0x0000075e       0x35 ./system/src/newlib/_exit.o
 .debug_macro   0x00000793      0x169 ./system/src/newlib/_sbrk.o
 .debug_macro   0x000008fc      0x174 ./system/src/newlib/_sbrk.o
 .debug_macro   0x00000a70       0x10 ./system/src/newlib/_sbrk.o
 .debug_macro   0x00000a80      0x23b ./system/src/newlib/_sbrk.o
 .debug_macro   0x00000cbb      0x173 ./system/src/newlib/_startup.o
 .debug_macro   0x00000e2e      0x217 ./system/src/newlib/_syscalls.o
 .debug_macro   0x00001045       0x1c ./system/src/newlib/_syscalls.o
 .debug_macro   0x00001061       0x10 ./system/src/newlib/_syscalls.o
 .debug_macro   0x00001071       0x10 ./system/src/newlib/_syscalls.o
 .debug_macro   0x00001081       0x10 ./system/src/newlib/_syscalls.o
 .debug_macro   0x00001091       0x35 ./system/src/newlib/_syscalls.o
 .debug_macro   0x000010c6      0x122 ./system/src/newlib/_syscalls.o
 .debug_macro   0x000011e8       0x88 ./system/src/newlib/_syscalls.o
 .debug_macro   0x00001270       0x2b ./system/src/newlib/_syscalls.o
 .debug_macro   0x0000129b      0x118 ./system/src/newlib/_syscalls.o
 .debug_macro   0x000013b3      0x189 ./system/src/newlib/_syscalls.o
 .debug_macro   0x0000153c       0x16 ./system/src/newlib/_syscalls.o
 .debug_macro   0x00001552      0x1fb ./system/src/diag/Trace.o
 .debug_macro   0x0000174d       0x16 ./system/src/diag/Trace.o
 .debug_macro   0x00001763       0x97 ./system/src/diag/Trace.o
 .debug_macro   0x000017fa       0xfd ./system/src/diag/Trace.o
 .debug_macro   0x000018f7       0x10 ./system/src/diag/Trace.o
 .debug_macro   0x00001907       0x16 ./system/src/diag/Trace.o
 .debug_macro   0x0000191d      0x16f ./system/src/diag/Trace.o
 .debug_macro   0x00001a8c       0x4c ./system/src/diag/Trace.o
 .debug_macro   0x00001ad8       0x16 ./system/src/diag/Trace.o
 .debug_macro   0x00001aee      0x2da ./system/src/diag/trace_impl.o
 .debug_macro   0x00001dc8       0x10 ./system/src/diag/trace_impl.o
 .debug_macro   0x00001dd8       0xcf ./system/src/diag/trace_impl.o
 .debug_macro   0x00001ea7       0xbe ./system/src/diag/trace_impl.o
 .debug_macro   0x00001f65       0x22 ./system/src/diag/trace_impl.o
 .debug_macro   0x00001f87      0x16b ./system/src/cortexm/_initialize_hardware.o
 .debug_macro   0x000020f2      0x324 ./system/src/cortexm/exception_handlers.o
 .debug_macro   0x00002416       0x3b ./system/src/cortexm/exception_handlers.o
 .debug_macro   0x00002451       0x10 ./system/src/cortexm/exception_handlers.o
 .debug_macro   0x00002461      0x16e ./system/src/cmsis/system_stm32f10x.o
 .debug_macro   0x000025cf       0x34 ./system/src/cmsis/vectors_stm32f10x.o
 .debug_macro   0x00002603       0x53 ./src/BUZERR_program.o
 .debug_macro   0x00002656       0xe2 ./src/BUZERR_program.o
 .debug_macro   0x00002738       0x10 ./src/BUZERR_program.o
 .debug_macro   0x00002748       0x3e ./src/EXTI_program.o
 .debug_macro   0x00002786       0x34 ./src/EXTI_program.o
 .debug_macro   0x000027ba       0x10 ./src/EXTI_program.o
 .debug_macro   0x000027ca       0x16 ./src/EXTI_program.o
 .debug_macro   0x000027e0       0x3f ./src/GPIO_program.o
 .debug_macro   0x0000281f       0x88 ./src/GPIO_program.o
 .debug_macro   0x000028a7       0x4a ./src/HESP8266_program.o
 .debug_macro   0x000028f1       0x7c ./src/HESP8266_program.o
 .debug_macro   0x0000296d       0x3f ./src/KPD_program.o
 .debug_macro   0x000029ac       0x4c ./src/KPD_program.o
 .debug_macro   0x000029f8       0x16 ./src/KPD_program.o
 .debug_macro   0x00002a0e       0x44 ./src/MUSART1_program.o
 .debug_macro   0x00002a52       0x40 ./src/MUSART1_program.o
 .debug_macro   0x00002a92       0x10 ./src/MUSART1_program.o
 .debug_macro   0x00002aa2       0x45 ./src/NVIC_program.o
 .debug_macro   0x00002ae7       0x70 ./src/NVIC_program.o
 .debug_macro   0x00002b57       0x10 ./src/NVIC_program.o
 .debug_macro   0x00002b67       0x3e ./src/RCC_program.o
 .debug_macro   0x00002ba5      0x232 ./src/RCC_program.o
 .debug_macro   0x00002dd7      0x112 ./src/RCC_program.o
 .debug_macro   0x00002ee9       0x22 ./src/RCC_program.o
 .debug_macro   0x00002f0b       0x48 ./src/SERVO_program.o
 .debug_macro   0x00002f53       0x3a ./src/SERVO_program.o
 .debug_macro   0x00002f8d       0x10 ./src/SERVO_program.o
 .debug_macro   0x00002f9d       0x22 ./src/SERVO_program.o
 .debug_macro   0x00002fbf       0x48 ./src/SPI_program.o
 .debug_macro   0x00003007       0x10 ./src/SPI_program.o
 .debug_macro   0x00003017       0x40 ./src/SPI_program.o
 .debug_macro   0x00003057       0x3f ./src/STK_program.o
 .debug_macro   0x00003096       0x40 ./src/STK_program.o
 .debug_macro   0x000030d6       0x10 ./src/STK_program.o
 .debug_macro   0x000030e6       0x61 ./src/TFT_program.o
 .debug_macro   0x00003147       0x1c ./src/TFT_program.o
 .debug_macro   0x00003163       0x3e ./src/TIM_program.o
 .debug_macro   0x000031a1       0x64 ./src/TIM_program.o
 .debug_macro   0x00003205       0x2e ./src/TIM_program.o
 .debug_macro   0x00003233       0x69 ./src/ULTRASONIC_program.o
 .debug_macro   0x0000329c       0x10 ./src/ULTRASONIC_program.o
 .debug_macro   0x000032ac       0xaf ./src/main.o
